// Jest Snapshot v1, https://goo.gl/fbAQLP

exports[`<Divider /> it renders 1`] = `
<div
  class="sc-bdVaJa hnIxNj"
/>
`;
