// Jest Snapshot v1, https://goo.gl/fbAQLP

exports[`<WishlistButton /> it renders 1`] = `
<button
  class="sc-ifAKCX kiBoMC"
  type="button"
>
  Save to wishlist
</button>
`;
