// Jest Snapshot v1, https://goo.gl/fbAQLP

exports[`<Layout /> it renders 1`] = `
<div
  class="sc-bdVaJa dqmyKm"
/>
`;
